This is e-upTeX, Version 3.141592653-p4.1.0-u1.29-230214-2.6 (utf8.uptex) (TeX Live 2023) (preloaded format=uplatex)
 restricted \write18 enabled.
entering extended mode
(./Pearl_Style.tex
pLaTeX2e <2023-02-14u04>+1, based on
LaTeX2e <2023-06-01> patch level 1
L3 programming layer <2023-08-11>
(c:/texlive/2023/texmf-dist/tex/platex/jsclasses/jsarticle.cls
Document Class: jsarticle 2023/02/23 jsclasses (okumura, texjporg)
(c:/texlive/2023/texmf-dist/tex/platex/jsclasses/jslogo.sty))
(c:/texlive/2023/texmf-dist/tex/latex/amsmath/amsmath.sty
For additional information on amsmath, use the `?' option.
(c:/texlive/2023/texmf-dist/tex/latex/amsmath/amstext.sty
(c:/texlive/2023/texmf-dist/tex/latex/amsmath/amsgen.sty))
(c:/texlive/2023/texmf-dist/tex/latex/amsmath/amsbsy.sty)
(c:/texlive/2023/texmf-dist/tex/latex/amsmath/amsopn.sty))
(c:/texlive/2023/texmf-dist/tex/latex/amsfonts/amssymb.sty
(c:/texlive/2023/texmf-dist/tex/latex/amsfonts/amsfonts.sty))
(c:/texlive/2023/texmf-dist/tex/latex/amscls/amsthm.sty)
(c:/texlive/2023/texmf-dist/tex/latex/tools/bm.sty)
(c:/texlive/2023/texmf-dist/tex/latex/mathtools/mathtools.sty
(c:/texlive/2023/texmf-dist/tex/latex/graphics/keyval.sty)
(c:/texlive/2023/texmf-dist/tex/latex/tools/calc.sty)
(c:/texlive/2023/texmf-dist/tex/latex/mathtools/mhsetup.sty))
(c:/texlive/2023/texmf-dist/tex/latex/enumitem/enumitem.sty)
(c:/texlive/2023/texmf-dist/tex/latex/jknapltx/mathrsfs.sty)
(c:/texlive/2023/texmf-dist/tex/latex/pgf/frontendlayer/tikz.sty
(c:/texlive/2023/texmf-dist/tex/latex/pgf/basiclayer/pgf.sty
(c:/texlive/2023/texmf-dist/tex/latex/pgf/utilities/pgfrcs.sty
(c:/texlive/2023/texmf-dist/tex/generic/pgf/utilities/pgfutil-common.tex)
(c:/texlive/2023/texmf-dist/tex/generic/pgf/utilities/pgfutil-latex.def)
(c:/texlive/2023/texmf-dist/tex/generic/pgf/utilities/pgfrcs.code.tex
(c:/texlive/2023/texmf-dist/tex/generic/pgf/pgf.revision.tex)))
(c:/texlive/2023/texmf-dist/tex/latex/pgf/basiclayer/pgfcore.sty
(c:/texlive/2023/texmf-dist/tex/latex/graphics/graphicx.sty
(c:/texlive/2023/texmf-dist/tex/latex/graphics/graphics.sty
(c:/texlive/2023/texmf-dist/tex/latex/graphics/trig.sty)
(c:/texlive/2023/texmf-dist/tex/latex/graphics-cfg/graphics.cfg)
(c:/texlive/2023/texmf-dist/tex/latex/graphics-def/dvipdfmx.def)))
(c:/texlive/2023/texmf-dist/tex/latex/pgf/systemlayer/pgfsys.sty
(c:/texlive/2023/texmf-dist/tex/generic/pgf/systemlayer/pgfsys.code.tex
(c:/texlive/2023/texmf-dist/tex/generic/pgf/utilities/pgfkeys.code.tex
(c:/texlive/2023/texmf-dist/tex/generic/pgf/utilities/pgfkeyslibraryfiltered.co
de.tex)) (c:/texlive/2023/texmf-dist/tex/generic/pgf/systemlayer/pgf.cfg)
(c:/texlive/2023/texmf-dist/tex/generic/pgf/systemlayer/pgfsys-dvipdfmx.def
(c:/texlive/2023/texmf-dist/tex/generic/pgf/systemlayer/pgfsys-common-pdf.def))
)
(c:/texlive/2023/texmf-dist/tex/generic/pgf/systemlayer/pgfsyssoftpath.code.tex
)
(c:/texlive/2023/texmf-dist/tex/generic/pgf/systemlayer/pgfsysprotocol.code.tex
)) (c:/texlive/2023/texmf-dist/tex/latex/xcolor/xcolor.sty
(c:/texlive/2023/texmf-dist/tex/latex/graphics-cfg/color.cfg)
(c:/texlive/2023/texmf-dist/tex/latex/graphics/mathcolor.ltx))
(c:/texlive/2023/texmf-dist/tex/generic/pgf/basiclayer/pgfcore.code.tex
(c:/texlive/2023/texmf-dist/tex/generic/pgf/math/pgfmath.code.tex
(c:/texlive/2023/texmf-dist/tex/generic/pgf/math/pgfmathutil.code.tex)
(c:/texlive/2023/texmf-dist/tex/generic/pgf/math/pgfmathparser.code.tex)
(c:/texlive/2023/texmf-dist/tex/generic/pgf/math/pgfmathfunctions.code.tex)
(c:/texlive/2023/texmf-dist/tex/generic/pgf/math/pgfmathfunctions.basic.code.te
x)
(c:/texlive/2023/texmf-dist/tex/generic/pgf/math/pgfmathfunctions.trigonometric
.code.tex)
(c:/texlive/2023/texmf-dist/tex/generic/pgf/math/pgfmathfunctions.random.code.t
ex)
(c:/texlive/2023/texmf-dist/tex/generic/pgf/math/pgfmathfunctions.comparison.co
de.tex)
(c:/texlive/2023/texmf-dist/tex/generic/pgf/math/pgfmathfunctions.base.code.tex
)
(c:/texlive/2023/texmf-dist/tex/generic/pgf/math/pgfmathfunctions.round.code.te
x)
(c:/texlive/2023/texmf-dist/tex/generic/pgf/math/pgfmathfunctions.misc.code.tex
)
(c:/texlive/2023/texmf-dist/tex/generic/pgf/math/pgfmathfunctions.integerarithm
etics.code.tex)
(c:/texlive/2023/texmf-dist/tex/generic/pgf/math/pgfmathcalc.code.tex)
(c:/texlive/2023/texmf-dist/tex/generic/pgf/math/pgfmathfloat.code.tex))
(c:/texlive/2023/texmf-dist/tex/generic/pgf/math/pgfint.code.tex)
(c:/texlive/2023/texmf-dist/tex/generic/pgf/basiclayer/pgfcorepoints.code.tex)
(c:/texlive/2023/texmf-dist/tex/generic/pgf/basiclayer/pgfcorepathconstruct.cod
e.tex)
(c:/texlive/2023/texmf-dist/tex/generic/pgf/basiclayer/pgfcorepathusage.code.te
x)
(c:/texlive/2023/texmf-dist/tex/generic/pgf/basiclayer/pgfcorescopes.code.tex)
(c:/texlive/2023/texmf-dist/tex/generic/pgf/basiclayer/pgfcoregraphicstate.code
.tex)
(c:/texlive/2023/texmf-dist/tex/generic/pgf/basiclayer/pgfcoretransformations.c
ode.tex)
(c:/texlive/2023/texmf-dist/tex/generic/pgf/basiclayer/pgfcorequick.code.tex)
(c:/texlive/2023/texmf-dist/tex/generic/pgf/basiclayer/pgfcoreobjects.code.tex)

(c:/texlive/2023/texmf-dist/tex/generic/pgf/basiclayer/pgfcorepathprocessing.co
de.tex)
(c:/texlive/2023/texmf-dist/tex/generic/pgf/basiclayer/pgfcorearrows.code.tex)
(c:/texlive/2023/texmf-dist/tex/generic/pgf/basiclayer/pgfcoreshade.code.tex)
(c:/texlive/2023/texmf-dist/tex/generic/pgf/basiclayer/pgfcoreimage.code.tex)
(c:/texlive/2023/texmf-dist/tex/generic/pgf/basiclayer/pgfcoreexternal.code.tex
) (c:/texlive/2023/texmf-dist/tex/generic/pgf/basiclayer/pgfcorelayers.code.tex
)
(c:/texlive/2023/texmf-dist/tex/generic/pgf/basiclayer/pgfcoretransparency.code
.tex)
(c:/texlive/2023/texmf-dist/tex/generic/pgf/basiclayer/pgfcorepatterns.code.tex
) (c:/texlive/2023/texmf-dist/tex/generic/pgf/basiclayer/pgfcorerdf.code.tex)))
 (c:/texlive/2023/texmf-dist/tex/generic/pgf/modules/pgfmoduleshapes.code.tex)
(c:/texlive/2023/texmf-dist/tex/generic/pgf/modules/pgfmoduleplot.code.tex)
(c:/texlive/2023/texmf-dist/tex/latex/pgf/compatibility/pgfcomp-version-0-65.st
y)
(c:/texlive/2023/texmf-dist/tex/latex/pgf/compatibility/pgfcomp-version-1-18.st
y)) (c:/texlive/2023/texmf-dist/tex/latex/pgf/utilities/pgffor.sty
(c:/texlive/2023/texmf-dist/tex/latex/pgf/utilities/pgfkeys.sty
(c:/texlive/2023/texmf-dist/tex/generic/pgf/utilities/pgfkeys.code.tex))
(c:/texlive/2023/texmf-dist/tex/latex/pgf/math/pgfmath.sty
(c:/texlive/2023/texmf-dist/tex/generic/pgf/math/pgfmath.code.tex))
(c:/texlive/2023/texmf-dist/tex/generic/pgf/utilities/pgffor.code.tex))
(c:/texlive/2023/texmf-dist/tex/generic/pgf/frontendlayer/tikz/tikz.code.tex
(c:/texlive/2023/texmf-dist/tex/generic/pgf/libraries/pgflibraryplothandlers.co
de.tex)
(c:/texlive/2023/texmf-dist/tex/generic/pgf/modules/pgfmodulematrix.code.tex)
(c:/texlive/2023/texmf-dist/tex/generic/pgf/frontendlayer/tikz/libraries/tikzli
brarytopaths.code.tex)))
(c:/texlive/2023/texmf-dist/tex/generic/pgf/libraries/pgflibraryarrows.meta.cod
e.tex)
(c:/texlive/2023/texmf-dist/tex/generic/pgf/frontendlayer/tikz/libraries/tikzli
brarypositioning.code.tex)
(c:/texlive/2023/texmf-dist/tex/generic/pgf/frontendlayer/tikz/libraries/tikzli
brarycalc.code.tex) (c:/texlive/2023/texmf-dist/tex/latex/float/float.sty)
(c:/texlive/2023/texmf-dist/tex/latex/booktabs/booktabs.sty)
(c:/texlive/2023/texmf-dist/tex/latex/geometry/geometry.sty
(c:/texlive/2023/texmf-dist/tex/generic/iftex/ifvtex.sty
(c:/texlive/2023/texmf-dist/tex/generic/iftex/iftex.sty)))
(c:/texlive/2023/texmf-dist/tex/latex/hyperref/hyperref.sty
(c:/texlive/2023/texmf-dist/tex/generic/ltxcmds/ltxcmds.sty)
(c:/texlive/2023/texmf-dist/tex/generic/pdftexcmds/pdftexcmds.sty
(c:/texlive/2023/texmf-dist/tex/generic/infwarerr/infwarerr.sty))
(c:/texlive/2023/texmf-dist/tex/latex/kvsetkeys/kvsetkeys.sty)
(c:/texlive/2023/texmf-dist/tex/generic/kvdefinekeys/kvdefinekeys.sty)
(c:/texlive/2023/texmf-dist/tex/generic/pdfescape/pdfescape.sty)
(c:/texlive/2023/texmf-dist/tex/latex/hycolor/hycolor.sty)
(c:/texlive/2023/texmf-dist/tex/latex/letltxmacro/letltxmacro.sty)
(c:/texlive/2023/texmf-dist/tex/latex/auxhook/auxhook.sty)
(c:/texlive/2023/texmf-dist/tex/latex/hyperref/nameref.sty
(c:/texlive/2023/texmf-dist/tex/latex/refcount/refcount.sty)
(c:/texlive/2023/texmf-dist/tex/generic/gettitlestring/gettitlestring.sty
(c:/texlive/2023/texmf-dist/tex/latex/kvoptions/kvoptions.sty)))
(c:/texlive/2023/texmf-dist/tex/latex/etoolbox/etoolbox.sty)
(c:/texlive/2023/texmf-dist/tex/latex/hyperref/pd1enc.def)
(c:/texlive/2023/texmf-dist/tex/generic/intcalc/intcalc.sty)
(c:/texlive/2023/texmf-dist/tex/latex/hyperref/puenc.def)
(c:/texlive/2023/texmf-dist/tex/latex/url/url.sty)
(c:/texlive/2023/texmf-dist/tex/generic/bitset/bitset.sty
(c:/texlive/2023/texmf-dist/tex/generic/bigintcalc/bigintcalc.sty))
(c:/texlive/2023/texmf-dist/tex/latex/base/atbegshi-ltx.sty))
(c:/texlive/2023/texmf-dist/tex/latex/hyperref/hdvipdfm.def
(c:/texlive/2023/texmf-dist/tex/latex/rerunfilecheck/rerunfilecheck.sty
(c:/texlive/2023/texmf-dist/tex/latex/base/atveryend-ltx.sty)
(c:/texlive/2023/texmf-dist/tex/generic/uniquecounter/uniquecounter.sty)))
(c:/texlive/2023/texmf-dist/tex/platex/pxjahyper/pxjahyper.sty
(c:/texlive/2023/texmf-dist/tex/platex/pxjahyper/pxjahyper-enc.sty)
(c:/texlive/2023/texmf-dist/tex/latex/bxjatoucs/bxjatoucs.sty)
(c:/texlive/2023/texmf-dist/tex/platex/pxjahyper/pxjahyper-uni.def))
(c:/texlive/2023/texmf-dist/tex/latex/tcolorbox/tcolorbox.sty
(c:/texlive/2023/texmf-dist/tex/latex/tools/verbatim.sty)
(c:/texlive/2023/texmf-dist/tex/latex/environ/environ.sty
(c:/texlive/2023/texmf-dist/tex/latex/trimspaces/trimspaces.sty)))
(c:/texlive/2023/texmf-dist/tex/latex/tcolorbox/tcbtheorems.code.tex
Library (tcolorbox): 'tcbtheorems.code.tex' version '6.0.4'
) (c:/texlive/2023/texmf-dist/tex/latex/tcolorbox/tcbskins.code.tex
Library (tcolorbox): 'tcbskins.code.tex' version '6.0.4'
(c:/texlive/2023/texmf-dist/tex/latex/tikzfill/tikzfill.image.sty
(c:/texlive/2023/texmf-dist/tex/latex/tikzfill/tikzfill-common.sty)
(c:/texlive/2023/texmf-dist/tex/latex/tikzfill/tikzlibraryfill.image.code.tex))
 (c:/texlive/2023/texmf-dist/tex/latex/tcolorbox/tcbskinsjigsaw.code.tex
Library (tcolorbox): 'tcbskinsjigsaw.code.tex' version '6.0.4'
)) (c:/texlive/2023/texmf-dist/tex/latex/tcolorbox/tcbbreakable.code.tex
Library (tcolorbox): 'tcbbreakable.code.tex' version '6.0.4'
(c:/texlive/2023/texmf-dist/tex/latex/pdfcol/pdfcol.sty))
(c:/texlive/2023/texmf-dist/tex/latex/l3backend/l3backend-dvipdfmx.def)
(./Pearl_Style.aux)
*geometry* detected driver: dvipdfm
(./Pearl_Style.out) (./Pearl_Style.out)
(c:/texlive/2023/texmf-dist/tex/latex/amsfonts/umsa.fd)
(c:/texlive/2023/texmf-dist/tex/latex/amsfonts/umsb.fd)
(c:/texlive/2023/texmf-dist/tex/latex/jknapltx/ursfs.fd) [1] [2] [3] [4]
[5] [6] [7] [8] [9] [10] [11] [12]
! Extra }, or forgotten $.
<recently read> \egroup 
                        
l.822   $
         V=\{X_1, \dots, X_n\}$, $G=(V,E)$繧奪AG縺ｨ縺吶ｋ.莉ｻ諢上・鬆らせ$X_...
Output written on Pearl_Style.dvi (12 pages, 125700 bytes).
Transcript written on Pearl_Style.log.
